// Jest Snapshot v1, https://goo.gl/fbAQLP

exports[`renders obstacle 1`] = `
<View
  style={
    {
      "bottom": 100,
      "height": 200,
      "left": 50,
      "position": "absolute",
      "width": 100,
    }
  }
>
  <Image
    resizeMode="stretch"
    source={
      {
        "uri": "mockImage",
      }
    }
    style={
      {
        "height": "100%",
        "width": "100%",
      }
    }
  />
</View>
`;
